mode: count
github.com/digitorus/pkcs7/ber.go:19.59,23.32 3 45439
github.com/digitorus/pkcs7/ber.go:23.32,25.17 2 92295
github.com/digitorus/pkcs7/ber.go:25.17,27.4 1 0
github.com/digitorus/pkcs7/ber.go:29.2,33.12 5 45439
github.com/digitorus/pkcs7/ber.go:42.58,44.16 2 47514
github.com/digitorus/pkcs7/ber.go:44.16,46.3 1 0
github.com/digitorus/pkcs7/ber.go:47.2,47.51 1 47514
github.com/digitorus/pkcs7/ber.go:47.51,49.3 1 0
github.com/digitorus/pkcs7/ber.go:52.2,54.12 2 47514
github.com/digitorus/pkcs7/ber.go:57.42,58.19 1 665
github.com/digitorus/pkcs7/ber.go:58.19,60.3 1 0
github.com/digitorus/pkcs7/ber.go:62.2,65.16 3 665
github.com/digitorus/pkcs7/ber.go:65.16,67.3 1 7
github.com/digitorus/pkcs7/ber.go:68.2,74.25 2 658
github.com/digitorus/pkcs7/ber.go:78.62,81.19 2 8868
github.com/digitorus/pkcs7/ber.go:81.19,83.17 2 16553
github.com/digitorus/pkcs7/ber.go:83.17,85.4 1 0
github.com/digitorus/pkcs7/ber.go:88.2,88.12 1 8868
github.com/digitorus/pkcs7/ber.go:92.41,94.14 2 17736
github.com/digitorus/pkcs7/ber.go:94.14,97.3 2 15370
github.com/digitorus/pkcs7/ber.go:98.2,98.8 1 17736
github.com/digitorus/pkcs7/ber.go:115.62,116.19 1 92953
github.com/digitorus/pkcs7/ber.go:116.19,119.17 3 8868
github.com/digitorus/pkcs7/ber.go:119.17,121.4 1 0
github.com/digitorus/pkcs7/ber.go:122.3,123.17 2 8868
github.com/digitorus/pkcs7/ber.go:123.17,125.4 1 0
github.com/digitorus/pkcs7/ber.go:126.8,128.17 2 84085
github.com/digitorus/pkcs7/ber.go:128.17,130.4 1 0
github.com/digitorus/pkcs7/ber.go:132.2,132.8 1 92953
github.com/digitorus/pkcs7/ber.go:135.66,137.22 2 92962
github.com/digitorus/pkcs7/ber.go:137.22,139.3 1 0
github.com/digitorus/pkcs7/ber.go:140.2,143.22 4 92962
github.com/digitorus/pkcs7/ber.go:143.22,145.3 1 1
github.com/digitorus/pkcs7/ber.go:146.2,147.17 2 92961
github.com/digitorus/pkcs7/ber.go:147.17,149.27 2 0
github.com/digitorus/pkcs7/ber.go:149.27,152.23 3 0
github.com/digitorus/pkcs7/ber.go:152.23,154.5 1 0
github.com/digitorus/pkcs7/ber.go:158.3,159.22 2 0
github.com/digitorus/pkcs7/ber.go:159.22,161.4 1 0
github.com/digitorus/pkcs7/ber.go:163.2,166.15 3 92961
github.com/digitorus/pkcs7/ber.go:166.15,168.3 1 47516
github.com/digitorus/pkcs7/ber.go:168.8,170.3 1 45445
github.com/digitorus/pkcs7/ber.go:172.2,175.21 4 92961
github.com/digitorus/pkcs7/ber.go:175.21,177.3 1 0
github.com/digitorus/pkcs7/ber.go:178.2,179.14 2 92961
github.com/digitorus/pkcs7/ber.go:179.14,181.24 2 8864
github.com/digitorus/pkcs7/ber.go:181.24,183.4 1 1
github.com/digitorus/pkcs7/ber.go:184.3,184.54 1 8863
github.com/digitorus/pkcs7/ber.go:184.54,186.4 1 1
github.com/digitorus/pkcs7/ber.go:187.3,187.32 1 8862
github.com/digitorus/pkcs7/ber.go:187.32,189.4 1 1
github.com/digitorus/pkcs7/ber.go:190.3,192.38 3 8861
github.com/digitorus/pkcs7/ber.go:192.38,195.23 3 16539
github.com/digitorus/pkcs7/ber.go:195.23,197.5 1 0
github.com/digitorus/pkcs7/ber.go:199.8,199.22 1 84097
github.com/digitorus/pkcs7/ber.go:199.22,201.3 1 13
github.com/digitorus/pkcs7/ber.go:201.8,203.3 1 84084
github.com/digitorus/pkcs7/ber.go:204.2,204.16 1 92958
github.com/digitorus/pkcs7/ber.go:204.16,206.3 1 0
github.com/digitorus/pkcs7/ber.go:208.2,209.27 2 92958
github.com/digitorus/pkcs7/ber.go:209.27,211.3 1 2
github.com/digitorus/pkcs7/ber.go:212.2,216.29 5 92956
github.com/digitorus/pkcs7/ber.go:216.29,218.3 1 0
github.com/digitorus/pkcs7/ber.go:219.2,219.15 1 92956
github.com/digitorus/pkcs7/ber.go:219.15,225.3 1 47515
github.com/digitorus/pkcs7/ber.go:225.8,227.43 2 45441
github.com/digitorus/pkcs7/ber.go:227.43,231.18 4 92297
github.com/digitorus/pkcs7/ber.go:231.18,233.5 1 1
github.com/digitorus/pkcs7/ber.go:234.4,236.18 2 92296
github.com/digitorus/pkcs7/ber.go:236.18,238.19 2 19
github.com/digitorus/pkcs7/ber.go:238.19,240.6 1 1
github.com/digitorus/pkcs7/ber.go:242.5,242.19 1 18
github.com/digitorus/pkcs7/ber.go:242.19,243.11 1 11
github.com/digitorus/pkcs7/ber.go:247.3,250.4 1 45439
github.com/digitorus/pkcs7/ber.go:254.2,254.16 1 92954
github.com/digitorus/pkcs7/ber.go:254.16,256.3 1 11
github.com/digitorus/pkcs7/ber.go:258.2,258.29 1 92954
github.com/digitorus/pkcs7/ber.go:261.68,262.27 1 19
github.com/digitorus/pkcs7/ber.go:262.27,264.3 1 1
github.com/digitorus/pkcs7/ber.go:266.2,266.62 1 18
github.com/digitorus/pkcs7/ber.go:269.51,271.2 0 389551
github.com/digitorus/pkcs7/decrypt.go:24.90,26.9 2 16
github.com/digitorus/pkcs7/decrypt.go:26.9,28.3 1 0
github.com/digitorus/pkcs7/decrypt.go:29.2,30.35 2 16
github.com/digitorus/pkcs7/decrypt.go:30.35,32.3 1 0
github.com/digitorus/pkcs7/decrypt.go:33.2,33.29 1 16
github.com/digitorus/pkcs7/decrypt.go:34.23,37.17 3 16
github.com/digitorus/pkcs7/decrypt.go:37.17,39.4 1 0
github.com/digitorus/pkcs7/decrypt.go:40.3,40.55 1 16
github.com/digitorus/pkcs7/decrypt.go:42.2,42.37 1 0
github.com/digitorus/pkcs7/decrypt.go:47.62,49.9 2 2
github.com/digitorus/pkcs7/decrypt.go:49.9,51.3 1 0
github.com/digitorus/pkcs7/decrypt.go:52.2,52.47 1 2
github.com/digitorus/pkcs7/decrypt.go:55.69,62.47 2 18
github.com/digitorus/pkcs7/decrypt.go:62.47,65.3 2 0
github.com/digitorus/pkcs7/decrypt.go:69.2,70.37 2 18
github.com/digitorus/pkcs7/decrypt.go:70.37,74.7 3 17
github.com/digitorus/pkcs7/decrypt.go:74.7,78.26 4 34
github.com/digitorus/pkcs7/decrypt.go:78.26,79.10 1 17
github.com/digitorus/pkcs7/decrypt.go:82.3,82.27 1 17
github.com/digitorus/pkcs7/decrypt.go:83.8,86.3 1 1
github.com/digitorus/pkcs7/decrypt.go:88.2,91.9 3 18
github.com/digitorus/pkcs7/decrypt.go:92.47,93.34 1 4
github.com/digitorus/pkcs7/decrypt.go:94.51,95.43 1 1
github.com/digitorus/pkcs7/decrypt.go:96.94,97.14 1 6
github.com/digitorus/pkcs7/decrypt.go:98.94,99.34 1 13
github.com/digitorus/pkcs7/decrypt.go:102.2,102.16 1 18
github.com/digitorus/pkcs7/decrypt.go:102.16,104.3 1 0
github.com/digitorus/pkcs7/decrypt.go:106.2,106.94 1 18
github.com/digitorus/pkcs7/decrypt.go:106.94,111.17 4 7
github.com/digitorus/pkcs7/decrypt.go:111.17,113.4 1 0
github.com/digitorus/pkcs7/decrypt.go:115.3,116.17 2 7
github.com/digitorus/pkcs7/decrypt.go:116.17,118.4 1 0
github.com/digitorus/pkcs7/decrypt.go:120.3,120.43 1 7
github.com/digitorus/pkcs7/decrypt.go:120.43,122.4 1 0
github.com/digitorus/pkcs7/decrypt.go:123.3,123.38 1 7
github.com/digitorus/pkcs7/decrypt.go:123.38,125.4 1 0
github.com/digitorus/pkcs7/decrypt.go:127.3,128.17 2 7
github.com/digitorus/pkcs7/decrypt.go:128.17,130.4 1 0
github.com/digitorus/pkcs7/decrypt.go:132.3,132.24 1 7
github.com/digitorus/pkcs7/decrypt.go:135.2,136.34 2 11
github.com/digitorus/pkcs7/decrypt.go:136.34,138.3 1 0
github.com/digitorus/pkcs7/decrypt.go:139.2,142.69 4 11
github.com/digitorus/pkcs7/decrypt.go:142.69,144.3 1 0
github.com/digitorus/pkcs7/decrypt.go:145.2,145.23 1 11
github.com/digitorus/pkcs7/decrypt.go:148.55,149.18 1 11
github.com/digitorus/pkcs7/decrypt.go:149.18,151.3 1 0
github.com/digitorus/pkcs7/decrypt.go:152.2,152.47 1 11
github.com/digitorus/pkcs7/decrypt.go:152.47,154.3 1 0
github.com/digitorus/pkcs7/decrypt.go:157.2,161.30 3 11
github.com/digitorus/pkcs7/decrypt.go:161.30,162.30 1 100
github.com/digitorus/pkcs7/decrypt.go:162.30,164.4 1 0
github.com/digitorus/pkcs7/decrypt.go:167.2,167.37 1 11
github.com/digitorus/pkcs7/decrypt.go:170.102,171.34 1 16
github.com/digitorus/pkcs7/decrypt.go:171.34,172.70 1 16
github.com/digitorus/pkcs7/decrypt.go:172.70,174.4 1 16
github.com/digitorus/pkcs7/decrypt.go:176.2,176.24 1 0
github.com/digitorus/pkcs7/encrypt.go:80.87,83.36 3 7
github.com/digitorus/pkcs7/encrypt.go:84.36,86.42 2 4
github.com/digitorus/pkcs7/encrypt.go:87.36,89.42 2 3
github.com/digitorus/pkcs7/encrypt.go:90.10,91.117 1 0
github.com/digitorus/pkcs7/encrypt.go:93.2,93.16 1 7
github.com/digitorus/pkcs7/encrypt.go:93.16,98.17 3 6
github.com/digitorus/pkcs7/encrypt.go:98.17,100.4 1 0
github.com/digitorus/pkcs7/encrypt.go:104.2,107.16 3 7
github.com/digitorus/pkcs7/encrypt.go:107.16,109.3 1 0
github.com/digitorus/pkcs7/encrypt.go:112.2,113.16 2 7
github.com/digitorus/pkcs7/encrypt.go:113.16,115.3 1 0
github.com/digitorus/pkcs7/encrypt.go:117.2,118.16 2 7
github.com/digitorus/pkcs7/encrypt.go:118.16,120.3 1 0
github.com/digitorus/pkcs7/encrypt.go:122.2,131.16 4 7
github.com/digitorus/pkcs7/encrypt.go:131.16,133.3 1 0
github.com/digitorus/pkcs7/encrypt.go:135.2,147.23 2 7
github.com/digitorus/pkcs7/encrypt.go:150.87,151.16 1 4
github.com/digitorus/pkcs7/encrypt.go:151.16,156.17 3 3
github.com/digitorus/pkcs7/encrypt.go:156.17,158.4 1 0
github.com/digitorus/pkcs7/encrypt.go:162.2,164.16 3 4
github.com/digitorus/pkcs7/encrypt.go:164.16,166.3 1 0
github.com/digitorus/pkcs7/encrypt.go:169.2,170.16 2 4
github.com/digitorus/pkcs7/encrypt.go:170.16,172.3 1 0
github.com/digitorus/pkcs7/encrypt.go:173.2,175.16 3 4
github.com/digitorus/pkcs7/encrypt.go:175.16,177.3 1 0
github.com/digitorus/pkcs7/encrypt.go:178.2,191.23 4 4
github.com/digitorus/pkcs7/encrypt.go:194.87,197.36 3 6
github.com/digitorus/pkcs7/encrypt.go:198.36,200.42 2 3
github.com/digitorus/pkcs7/encrypt.go:201.36,203.42 2 3
github.com/digitorus/pkcs7/encrypt.go:204.10,205.117 1 0
github.com/digitorus/pkcs7/encrypt.go:208.2,208.16 1 6
github.com/digitorus/pkcs7/encrypt.go:208.16,213.17 3 6
github.com/digitorus/pkcs7/encrypt.go:213.17,215.4 1 0
github.com/digitorus/pkcs7/encrypt.go:219.2,221.16 3 6
github.com/digitorus/pkcs7/encrypt.go:221.16,223.3 1 0
github.com/digitorus/pkcs7/encrypt.go:226.2,227.16 2 6
github.com/digitorus/pkcs7/encrypt.go:227.16,229.3 1 0
github.com/digitorus/pkcs7/encrypt.go:230.2,232.16 3 6
github.com/digitorus/pkcs7/encrypt.go:232.16,234.3 1 0
github.com/digitorus/pkcs7/encrypt.go:235.2,248.23 4 6
github.com/digitorus/pkcs7/encrypt.go:262.78,268.36 4 15
github.com/digitorus/pkcs7/encrypt.go:269.33,270.46 1 3
github.com/digitorus/pkcs7/encrypt.go:271.36,272.14 1 3
github.com/digitorus/pkcs7/encrypt.go:273.36,274.46 1 6
github.com/digitorus/pkcs7/encrypt.go:275.36,276.14 1 3
github.com/digitorus/pkcs7/encrypt.go:277.36,278.46 1 6
github.com/digitorus/pkcs7/encrypt.go:280.10,281.48 1 0
github.com/digitorus/pkcs7/encrypt.go:284.2,284.16 1 15
github.com/digitorus/pkcs7/encrypt.go:284.16,286.3 1 0
github.com/digitorus/pkcs7/encrypt.go:289.2,290.39 2 15
github.com/digitorus/pkcs7/encrypt.go:290.39,292.17 2 15
github.com/digitorus/pkcs7/encrypt.go:292.17,294.4 1 0
github.com/digitorus/pkcs7/encrypt.go:295.3,296.17 2 15
github.com/digitorus/pkcs7/encrypt.go:296.17,298.4 1 0
github.com/digitorus/pkcs7/encrypt.go:299.3,307.27 2 15
github.com/digitorus/pkcs7/encrypt.go:311.2,317.16 3 15
github.com/digitorus/pkcs7/encrypt.go:317.16,319.3 1 0
github.com/digitorus/pkcs7/encrypt.go:322.2,327.30 2 15
github.com/digitorus/pkcs7/encrypt.go:332.66,336.16 3 2
github.com/digitorus/pkcs7/encrypt.go:336.16,338.3 1 0
github.com/digitorus/pkcs7/encrypt.go:341.2,341.36 1 2
github.com/digitorus/pkcs7/encrypt.go:342.33,343.44 1 1
github.com/digitorus/pkcs7/encrypt.go:345.36,346.14 1 1
github.com/digitorus/pkcs7/encrypt.go:347.36,348.44 1 1
github.com/digitorus/pkcs7/encrypt.go:350.10,351.48 1 0
github.com/digitorus/pkcs7/encrypt.go:354.2,354.16 1 2
github.com/digitorus/pkcs7/encrypt.go:354.16,356.3 1 0
github.com/digitorus/pkcs7/encrypt.go:359.2,364.16 3 2
github.com/digitorus/pkcs7/encrypt.go:364.16,366.3 1 0
github.com/digitorus/pkcs7/encrypt.go:369.2,374.30 2 2
github.com/digitorus/pkcs7/encrypt.go:377.60,380.2 2 17
github.com/digitorus/pkcs7/encrypt.go:382.74,383.61 1 15
github.com/digitorus/pkcs7/encrypt.go:383.61,385.3 1 15
github.com/digitorus/pkcs7/encrypt.go:386.2,386.37 1 0
github.com/digitorus/pkcs7/encrypt.go:389.53,390.18 1 12
github.com/digitorus/pkcs7/encrypt.go:390.18,392.3 1 0
github.com/digitorus/pkcs7/encrypt.go:393.2,394.17 2 12
github.com/digitorus/pkcs7/encrypt.go:394.17,396.3 1 0
github.com/digitorus/pkcs7/encrypt.go:397.2,398.34 2 12
github.com/digitorus/pkcs7/pkcs7.go:88.68,89.9 1 1070
github.com/digitorus/pkcs7/pkcs7.go:92.40,93.26 1 9
github.com/digitorus/pkcs7/pkcs7.go:94.85,95.28 1 515
github.com/digitorus/pkcs7/pkcs7.go:96.85,97.28 1 130
github.com/digitorus/pkcs7/pkcs7.go:98.85,99.28 1 416
github.com/digitorus/pkcs7/pkcs7.go:101.2,101.48 1 0
github.com/digitorus/pkcs7/pkcs7.go:106.106,107.19 1 504
github.com/digitorus/pkcs7/pkcs7.go:108.44,109.37 1 0
github.com/digitorus/pkcs7/pkcs7.go:110.48,111.39 1 210
github.com/digitorus/pkcs7/pkcs7.go:112.48,113.39 1 70
github.com/digitorus/pkcs7/pkcs7.go:114.66,115.39 1 224
github.com/digitorus/pkcs7/pkcs7.go:117.2,117.85 1 0
github.com/digitorus/pkcs7/pkcs7.go:122.127,124.8 2 508
github.com/digitorus/pkcs7/pkcs7.go:124.8,126.3 1 1
github.com/digitorus/pkcs7/pkcs7.go:128.2,129.9 2 507
github.com/digitorus/pkcs7/pkcs7.go:129.9,131.3 1 0
github.com/digitorus/pkcs7/pkcs7.go:132.2,132.32 1 507
github.com/digitorus/pkcs7/pkcs7.go:133.22,134.10 1 171
github.com/digitorus/pkcs7/pkcs7.go:135.11,136.41 1 0
github.com/digitorus/pkcs7/pkcs7.go:137.54,138.41 1 0
github.com/digitorus/pkcs7/pkcs7.go:139.51,140.45 1 3
github.com/digitorus/pkcs7/pkcs7.go:141.53,142.47 1 70
github.com/digitorus/pkcs7/pkcs7.go:143.53,144.47 1 0
github.com/digitorus/pkcs7/pkcs7.go:145.53,146.47 1 98
github.com/digitorus/pkcs7/pkcs7.go:148.24,149.10 1 252
github.com/digitorus/pkcs7/pkcs7.go:150.51,151.43 1 0
github.com/digitorus/pkcs7/pkcs7.go:152.53,153.45 1 70
github.com/digitorus/pkcs7/pkcs7.go:154.53,155.45 1 70
github.com/digitorus/pkcs7/pkcs7.go:156.53,157.45 1 112
github.com/digitorus/pkcs7/pkcs7.go:159.25,160.47 1 84
github.com/digitorus/pkcs7/pkcs7.go:162.2,162.115 1 0
github.com/digitorus/pkcs7/pkcs7.go:166.48,167.20 1 653
github.com/digitorus/pkcs7/pkcs7.go:167.20,169.3 1 0
github.com/digitorus/pkcs7/pkcs7.go:170.2,172.16 3 653
github.com/digitorus/pkcs7/pkcs7.go:172.16,174.3 1 0
github.com/digitorus/pkcs7/pkcs7.go:175.2,176.19 2 653
github.com/digitorus/pkcs7/pkcs7.go:176.19,179.3 2 0
github.com/digitorus/pkcs7/pkcs7.go:180.2,180.16 1 653
github.com/digitorus/pkcs7/pkcs7.go:180.16,182.3 1 0
github.com/digitorus/pkcs7/pkcs7.go:185.2,185.9 1 653
github.com/digitorus/pkcs7/pkcs7.go:186.45,187.45 1 635
github.com/digitorus/pkcs7/pkcs7.go:188.48,189.48 1 16
github.com/digitorus/pkcs7/pkcs7.go:190.48,191.48 1 2
github.com/digitorus/pkcs7/pkcs7.go:193.2,193.39 1 0
github.com/digitorus/pkcs7/pkcs7.go:196.54,198.53 2 16
github.com/digitorus/pkcs7/pkcs7.go:198.53,200.3 1 0
github.com/digitorus/pkcs7/pkcs7.go:201.2,203.8 1 16
github.com/digitorus/pkcs7/pkcs7.go:206.54,208.53 2 2
github.com/digitorus/pkcs7/pkcs7.go:208.53,210.3 1 0
github.com/digitorus/pkcs7/pkcs7.go:211.2,213.8 1 2
github.com/digitorus/pkcs7/pkcs7.go:216.65,217.23 1 635
github.com/digitorus/pkcs7/pkcs7.go:217.23,219.3 1 0
github.com/digitorus/pkcs7/pkcs7.go:221.2,222.57 2 635
github.com/digitorus/pkcs7/pkcs7.go:222.57,224.3 1 0
github.com/digitorus/pkcs7/pkcs7.go:226.2,226.42 1 635
github.com/digitorus/pkcs7/pkcs7.go:229.86,231.2 1 1028
github.com/digitorus/pkcs7/pkcs7.go:246.81,249.2 2 1306
github.com/digitorus/pkcs7/pkcs7.go:258.34,260.2 1 870
github.com/digitorus/pkcs7/pkcs7.go:262.44,264.2 1 1308
github.com/digitorus/pkcs7/pkcs7.go:266.39,268.2 1 438
github.com/digitorus/pkcs7/pkcs7.go:270.49,272.26 2 870
github.com/digitorus/pkcs7/pkcs7.go:272.26,274.3 1 1306
github.com/digitorus/pkcs7/pkcs7.go:275.2,275.14 1 870
github.com/digitorus/pkcs7/pkcs7.go:278.64,280.27 2 870
github.com/digitorus/pkcs7/pkcs7.go:280.27,284.17 4 1306
github.com/digitorus/pkcs7/pkcs7.go:284.17,286.4 1 0
github.com/digitorus/pkcs7/pkcs7.go:287.3,292.17 3 1306
github.com/digitorus/pkcs7/pkcs7.go:292.17,294.4 1 0
github.com/digitorus/pkcs7/pkcs7.go:295.3,298.4 1 1306
github.com/digitorus/pkcs7/pkcs7.go:300.2,301.36 2 870
github.com/digitorus/pkcs7/sign.go:30.54,32.16 2 508
github.com/digitorus/pkcs7/sign.go:32.16,34.3 1 0
github.com/digitorus/pkcs7/sign.go:35.2,43.80 3 508
github.com/digitorus/pkcs7/sign.go:77.59,81.16 2 997
github.com/digitorus/pkcs7/sign.go:81.16,83.3 1 0
github.com/digitorus/pkcs7/sign.go:86.2,88.23 3 997
github.com/digitorus/pkcs7/sign.go:103.67,105.2 1 504
github.com/digitorus/pkcs7/sign.go:110.71,112.2 1 0
github.com/digitorus/pkcs7/sign.go:116.111,119.2 2 3
github.com/digitorus/pkcs7/sign.go:129.145,136.23 3 435
github.com/digitorus/pkcs7/sign.go:136.23,139.3 1 3
github.com/digitorus/pkcs7/sign.go:139.8,141.17 2 432
github.com/digitorus/pkcs7/sign.go:141.17,143.4 1 0
github.com/digitorus/pkcs7/sign.go:145.3,145.67 1 432
github.com/digitorus/pkcs7/sign.go:147.2,151.16 3 435
github.com/digitorus/pkcs7/sign.go:151.16,153.3 1 0
github.com/digitorus/pkcs7/sign.go:154.2,158.16 5 435
github.com/digitorus/pkcs7/sign.go:158.16,160.3 1 0
github.com/digitorus/pkcs7/sign.go:161.2,165.52 5 435
github.com/digitorus/pkcs7/sign.go:165.52,167.3 1 1
github.com/digitorus/pkcs7/sign.go:168.2,169.16 2 435
github.com/digitorus/pkcs7/sign.go:169.16,171.3 1 0
github.com/digitorus/pkcs7/sign.go:172.2,173.54 2 435
github.com/digitorus/pkcs7/sign.go:173.54,175.3 1 0
github.com/digitorus/pkcs7/sign.go:176.2,177.16 2 435
github.com/digitorus/pkcs7/sign.go:177.16,179.3 1 0
github.com/digitorus/pkcs7/sign.go:181.2,182.16 2 435
github.com/digitorus/pkcs7/sign.go:182.16,184.3 1 0
github.com/digitorus/pkcs7/sign.go:185.2,194.30 2 435
github.com/digitorus/pkcs7/sign.go:194.30,196.23 2 434
github.com/digitorus/pkcs7/sign.go:196.23,198.4 1 432
github.com/digitorus/pkcs7/sign.go:200.2,201.12 2 435
github.com/digitorus/pkcs7/sign.go:211.117,215.16 4 73
github.com/digitorus/pkcs7/sign.go:215.16,217.3 1 0
github.com/digitorus/pkcs7/sign.go:218.2,222.36 4 73
github.com/digitorus/pkcs7/sign.go:223.23,227.17 2 1
github.com/digitorus/pkcs7/sign.go:227.17,229.4 1 0
github.com/digitorus/pkcs7/sign.go:230.3,231.17 2 1
github.com/digitorus/pkcs7/sign.go:231.17,233.4 1 0
github.com/digitorus/pkcs7/sign.go:234.10,236.10 2 72
github.com/digitorus/pkcs7/sign.go:236.10,238.4 1 0
github.com/digitorus/pkcs7/sign.go:241.3,242.9 2 72
github.com/digitorus/pkcs7/sign.go:242.9,244.4 1 12
github.com/digitorus/pkcs7/sign.go:244.9,246.18 2 60
github.com/digitorus/pkcs7/sign.go:246.18,248.5 1 0
github.com/digitorus/pkcs7/sign.go:252.2,256.29 4 73
github.com/digitorus/pkcs7/sign.go:256.29,260.3 1 73
github.com/digitorus/pkcs7/sign.go:261.2,261.16 1 73
github.com/digitorus/pkcs7/sign.go:261.16,263.3 1 0
github.com/digitorus/pkcs7/sign.go:264.2,274.12 4 73
github.com/digitorus/pkcs7/sign.go:277.90,279.42 2 0
github.com/digitorus/pkcs7/sign.go:279.42,281.3 1 0
github.com/digitorus/pkcs7/sign.go:282.2,283.16 2 0
github.com/digitorus/pkcs7/sign.go:283.16,285.3 1 0
github.com/digitorus/pkcs7/sign.go:287.2,289.12 2 0
github.com/digitorus/pkcs7/sign.go:293.62,295.2 1 0
github.com/digitorus/pkcs7/sign.go:299.73,301.2 1 1
github.com/digitorus/pkcs7/sign.go:305.32,307.2 1 253
github.com/digitorus/pkcs7/sign.go:310.51,312.2 1 1
github.com/digitorus/pkcs7/sign.go:315.48,318.16 3 508
github.com/digitorus/pkcs7/sign.go:318.16,320.3 1 0
github.com/digitorus/pkcs7/sign.go:321.2,325.28 2 508
github.com/digitorus/pkcs7/sign.go:330.55,331.35 1 0
github.com/digitorus/pkcs7/sign.go:331.35,333.3 1 0
github.com/digitorus/pkcs7/sign.go:337.57,338.35 1 0
github.com/digitorus/pkcs7/sign.go:338.35,340.3 1 0
github.com/digitorus/pkcs7/sign.go:347.84,348.23 1 432
github.com/digitorus/pkcs7/sign.go:348.23,350.3 1 0
github.com/digitorus/pkcs7/sign.go:351.2,352.16 2 432
github.com/digitorus/pkcs7/sign.go:352.16,354.3 1 0
github.com/digitorus/pkcs7/sign.go:355.2,355.23 1 432
github.com/digitorus/pkcs7/sign.go:355.23,358.3 1 432
github.com/digitorus/pkcs7/sign.go:359.2,359.52 1 0
github.com/digitorus/pkcs7/sign.go:362.76,370.2 4 15
github.com/digitorus/pkcs7/sign.go:373.104,375.16 2 435
github.com/digitorus/pkcs7/sign.go:375.16,377.3 1 0
github.com/digitorus/pkcs7/sign.go:378.2,384.36 4 435
github.com/digitorus/pkcs7/sign.go:385.23,387.17 2 0
github.com/digitorus/pkcs7/sign.go:387.17,389.4 1 0
github.com/digitorus/pkcs7/sign.go:390.3,390.42 1 0
github.com/digitorus/pkcs7/sign.go:393.2,394.9 2 435
github.com/digitorus/pkcs7/sign.go:394.9,396.3 1 0
github.com/digitorus/pkcs7/sign.go:399.2,400.8 2 435
github.com/digitorus/pkcs7/sign.go:400.8,402.3 1 72
github.com/digitorus/pkcs7/sign.go:404.2,404.50 1 363
github.com/digitorus/pkcs7/sign.go:412.69,414.29 2 508
github.com/digitorus/pkcs7/sign.go:414.29,416.3 1 939
github.com/digitorus/pkcs7/sign.go:417.2,418.17 2 508
github.com/digitorus/pkcs7/sign.go:424.69,427.16 3 509
github.com/digitorus/pkcs7/sign.go:427.16,429.3 1 0
github.com/digitorus/pkcs7/sign.go:430.2,430.37 1 509
github.com/digitorus/pkcs7/sign.go:435.57,437.16 2 1
github.com/digitorus/pkcs7/sign.go:437.16,439.3 1 0
github.com/digitorus/pkcs7/sign.go:440.2,448.16 4 1
github.com/digitorus/pkcs7/sign.go:448.16,450.3 1 0
github.com/digitorus/pkcs7/sign.go:451.2,455.36 2 1
github.com/digitorus/pkcs7/verify.go:16.39,18.2 1 3
github.com/digitorus/pkcs7/verify.go:27.73,29.40 2 633
github.com/digitorus/pkcs7/verify.go:29.40,31.3 1 1193
github.com/digitorus/pkcs7/verify.go:33.2,38.32 2 633
github.com/digitorus/pkcs7/verify.go:47.102,49.40 2 3
github.com/digitorus/pkcs7/verify.go:49.40,51.3 1 6
github.com/digitorus/pkcs7/verify.go:53.2,59.32 2 3
github.com/digitorus/pkcs7/verify.go:74.70,76.27 1 636
github.com/digitorus/pkcs7/verify.go:76.27,78.3 1 636
github.com/digitorus/pkcs7/verify.go:80.2,80.26 1 636
github.com/digitorus/pkcs7/verify.go:80.26,82.3 1 0
github.com/digitorus/pkcs7/verify.go:86.2,86.31 1 636
github.com/digitorus/pkcs7/verify.go:86.31,87.37 1 633
github.com/digitorus/pkcs7/verify.go:87.37,88.60 1 633
github.com/digitorus/pkcs7/verify.go:88.60,90.5 1 0
github.com/digitorus/pkcs7/verify.go:92.3,92.13 1 633
github.com/digitorus/pkcs7/verify.go:96.2,96.36 1 3
github.com/digitorus/pkcs7/verify.go:96.36,97.65 1 3
github.com/digitorus/pkcs7/verify.go:97.65,99.4 1 2
github.com/digitorus/pkcs7/verify.go:101.2,101.12 1 1
github.com/digitorus/pkcs7/verify.go:104.95,107.15 3 3
github.com/digitorus/pkcs7/verify.go:107.15,109.3 1 0
github.com/digitorus/pkcs7/verify.go:110.2,110.45 1 3
github.com/digitorus/pkcs7/verify.go:110.45,117.17 3 3
github.com/digitorus/pkcs7/verify.go:117.17,119.4 1 0
github.com/digitorus/pkcs7/verify.go:120.3,121.17 2 3
github.com/digitorus/pkcs7/verify.go:121.17,123.4 1 0
github.com/digitorus/pkcs7/verify.go:124.3,127.56 4 3
github.com/digitorus/pkcs7/verify.go:127.56,132.4 1 0
github.com/digitorus/pkcs7/verify.go:133.3,134.17 2 3
github.com/digitorus/pkcs7/verify.go:134.17,136.4 1 0
github.com/digitorus/pkcs7/verify.go:137.3,138.17 2 3
github.com/digitorus/pkcs7/verify.go:138.17,140.74 1 3
github.com/digitorus/pkcs7/verify.go:140.74,145.5 1 0
github.com/digitorus/pkcs7/verify.go:148.2,148.23 1 3
github.com/digitorus/pkcs7/verify.go:148.23,150.17 2 3
github.com/digitorus/pkcs7/verify.go:150.17,152.4 1 2
github.com/digitorus/pkcs7/verify.go:154.2,155.16 2 1
github.com/digitorus/pkcs7/verify.go:155.16,157.3 1 0
github.com/digitorus/pkcs7/verify.go:158.2,158.70 1 1
github.com/digitorus/pkcs7/verify.go:161.89,164.15 3 633
github.com/digitorus/pkcs7/verify.go:164.15,166.3 1 0
github.com/digitorus/pkcs7/verify.go:167.2,168.45 2 633
github.com/digitorus/pkcs7/verify.go:168.45,172.17 3 559
github.com/digitorus/pkcs7/verify.go:172.17,174.4 1 0
github.com/digitorus/pkcs7/verify.go:175.3,176.17 2 559
github.com/digitorus/pkcs7/verify.go:176.17,178.4 1 0
github.com/digitorus/pkcs7/verify.go:179.3,182.56 4 559
github.com/digitorus/pkcs7/verify.go:182.56,187.4 1 0
github.com/digitorus/pkcs7/verify.go:188.3,189.17 2 559
github.com/digitorus/pkcs7/verify.go:189.17,191.4 1 0
github.com/digitorus/pkcs7/verify.go:192.3,193.17 2 559
github.com/digitorus/pkcs7/verify.go:193.17,195.74 1 559
github.com/digitorus/pkcs7/verify.go:195.74,200.5 1 0
github.com/digitorus/pkcs7/verify.go:203.2,203.23 1 633
github.com/digitorus/pkcs7/verify.go:203.23,206.17 3 630
github.com/digitorus/pkcs7/verify.go:206.17,208.4 1 0
github.com/digitorus/pkcs7/verify.go:210.2,211.16 2 633
github.com/digitorus/pkcs7/verify.go:211.16,213.3 1 0
github.com/digitorus/pkcs7/verify.go:214.2,214.70 1 633
github.com/digitorus/pkcs7/verify.go:219.52,220.26 1 0
github.com/digitorus/pkcs7/verify.go:220.26,222.3 1 0
github.com/digitorus/pkcs7/verify.go:223.2,224.89 2 0
github.com/digitorus/pkcs7/verify.go:228.103,230.9 2 1
github.com/digitorus/pkcs7/verify.go:230.9,232.3 1 0
github.com/digitorus/pkcs7/verify.go:233.2,233.29 1 1
github.com/digitorus/pkcs7/verify.go:233.29,235.3 1 0
github.com/digitorus/pkcs7/verify.go:236.2,237.59 2 1
github.com/digitorus/pkcs7/verify.go:240.51,244.16 4 635
github.com/digitorus/pkcs7/verify.go:244.16,246.3 1 0
github.com/digitorus/pkcs7/verify.go:249.2,253.43 3 635
github.com/digitorus/pkcs7/verify.go:253.43,254.84 1 381
github.com/digitorus/pkcs7/verify.go:254.84,256.4 1 0
github.com/digitorus/pkcs7/verify.go:259.2,259.25 1 635
github.com/digitorus/pkcs7/verify.go:259.25,260.24 1 0
github.com/digitorus/pkcs7/verify.go:260.24,261.69 1 0
github.com/digitorus/pkcs7/verify.go:261.69,263.5 1 0
github.com/digitorus/pkcs7/verify.go:264.9,266.4 1 0
github.com/digitorus/pkcs7/verify.go:267.8,270.3 1 635
github.com/digitorus/pkcs7/verify.go:271.2,276.25 1 635
github.com/digitorus/pkcs7/verify.go:286.55,288.2 1 0
github.com/digitorus/pkcs7/verify.go:290.112,291.9 1 634
github.com/digitorus/pkcs7/verify.go:292.69,293.33 1 0
github.com/digitorus/pkcs7/verify.go:294.71,295.35 1 145
github.com/digitorus/pkcs7/verify.go:296.71,297.35 1 70
github.com/digitorus/pkcs7/verify.go:298.71,299.35 1 113
github.com/digitorus/pkcs7/verify.go:304.69,305.10 1 222
github.com/digitorus/pkcs7/verify.go:306.55,307.32 1 4
github.com/digitorus/pkcs7/verify.go:308.57,309.34 1 120
github.com/digitorus/pkcs7/verify.go:310.57,311.34 1 0
github.com/digitorus/pkcs7/verify.go:312.57,313.34 1 98
github.com/digitorus/pkcs7/verify.go:314.11,316.68 1 0
github.com/digitorus/pkcs7/verify.go:319.63,320.10 1 0
github.com/digitorus/pkcs7/verify.go:321.55,322.32 1 0
github.com/digitorus/pkcs7/verify.go:323.57,324.34 1 0
github.com/digitorus/pkcs7/verify.go:325.11,327.68 1 0
github.com/digitorus/pkcs7/verify.go:331.69,332.10 1 0
github.com/digitorus/pkcs7/verify.go:333.55,334.34 1 0
github.com/digitorus/pkcs7/verify.go:335.57,336.36 1 0
github.com/digitorus/pkcs7/verify.go:337.57,338.36 1 0
github.com/digitorus/pkcs7/verify.go:339.57,340.36 1 0
github.com/digitorus/pkcs7/verify.go:341.11,343.68 1 0
github.com/digitorus/pkcs7/verify.go:345.74,346.31 1 84
github.com/digitorus/pkcs7/verify.go:347.10,349.40 1 0
github.com/digitorus/pkcs7/verify.go:353.106,354.29 1 762
github.com/digitorus/pkcs7/verify.go:354.29,355.47 1 1012
github.com/digitorus/pkcs7/verify.go:355.47,357.4 1 762
github.com/digitorus/pkcs7/verify.go:359.2,359.12 1 0
github.com/digitorus/pkcs7/verify.go:362.104,363.29 1 1125
github.com/digitorus/pkcs7/verify.go:363.29,364.37 1 2811
github.com/digitorus/pkcs7/verify.go:364.37,367.4 2 1125
github.com/digitorus/pkcs7/verify.go:369.2,369.62 1 0
github.com/digitorus/pkcs7/verify_test_dsa.go:15.34,18.16 3 0
github.com/digitorus/pkcs7/verify_test_dsa.go:18.16,20.3 1 0
github.com/digitorus/pkcs7/verify_test_dsa.go:21.2,22.36 2 0
github.com/digitorus/pkcs7/verify_test_dsa.go:22.36,24.3 1 0
github.com/digitorus/pkcs7/verify_test_dsa.go:66.52,73.16 3 0
github.com/digitorus/pkcs7/verify_test_dsa.go:73.16,75.3 1 0
github.com/digitorus/pkcs7/verify_test_dsa.go:76.2,80.16 3 0
github.com/digitorus/pkcs7/verify_test_dsa.go:80.16,82.3 1 0
github.com/digitorus/pkcs7/verify_test_dsa.go:83.2,87.16 3 0
github.com/digitorus/pkcs7/verify_test_dsa.go:87.16,89.3 1 0
github.com/digitorus/pkcs7/verify_test_dsa.go:90.2,93.16 3 0
github.com/digitorus/pkcs7/verify_test_dsa.go:93.16,95.3 1 0
github.com/digitorus/pkcs7/verify_test_dsa.go:97.2,102.16 3 0
github.com/digitorus/pkcs7/verify_test_dsa.go:102.16,104.3 1 0
github.com/digitorus/pkcs7/verify_test_dsa.go:107.2,108.16 2 0
github.com/digitorus/pkcs7/verify_test_dsa.go:108.16,110.3 1 0
github.com/digitorus/pkcs7/verify_test_dsa.go:111.2,113.21 3 0
github.com/digitorus/pkcs7/verify_test_dsa.go:113.21,115.3 1 0
github.com/digitorus/pkcs7/verify_test_dsa.go:116.2,117.16 2 0
github.com/digitorus/pkcs7/verify_test_dsa.go:117.16,119.3 1 0
github.com/digitorus/pkcs7/verify_test_dsa.go:120.2,120.36 1 0
github.com/digitorus/pkcs7/verify_test_dsa.go:120.36,122.3 1 0
github.com/digitorus/pkcs7/verify_test_dsa.go:123.2,125.34 3 0
github.com/digitorus/pkcs7/verify_test_dsa.go:164.66,168.6 4 0
github.com/digitorus/pkcs7/verify_test_dsa.go:168.6,170.22 2 0
github.com/digitorus/pkcs7/verify_test_dsa.go:170.22,171.9 1 0
github.com/digitorus/pkcs7/verify_test_dsa.go:173.3,173.24 1 0
github.com/digitorus/pkcs7/verify_test_dsa.go:174.16,175.33 1 0
github.com/digitorus/pkcs7/verify_test_dsa.go:176.22,177.65 1 0
github.com/digitorus/pkcs7/verify_test_dsa.go:181.2,181.15 1 0
